// Jest Snapshot v1, https://goo.gl/fbAQLP

exports[`<Loading /> renders correctly with props set 1`] = `
<div
  className="loading"
  id="loading"
>
  <div
    className="bar"
  />
  <div
    className="bar"
  />
  <div
    className="bar"
  />
  <div
    className="bar"
  />
  <div
    className="bar"
  />
  <div
    className="bar"
  />
  <div
    className="bar"
  />
  <div
    className="bar"
  />
  <div
    className="bar"
  />
  <div
    className="bar"
  />
</div>
`;

exports[`<Loading /> renders correctly without props 1`] = `
<div
  className="loading"
  id="loading"
>
  <div
    className="bar"
  />
  <div
    className="bar"
  />
  <div
    className="bar"
  />
  <div
    className="bar"
  />
  <div
    className="bar"
  />
  <div
    className="bar"
  />
  <div
    className="bar"
  />
  <div
    className="bar"
  />
  <div
    className="bar"
  />
  <div
    className="bar"
  />
  <div
    className="bar"
  />
  <div
    className="bar"
  />
  <div
    className="bar"
  />
  <div
    className="bar"
  />
  <div
    className="bar"
  />
  <div
    className="bar"
  />
  <div
    className="bar"
  />
  <div
    className="bar"
  />
  <div
    className="bar"
  />
  <div
    className="bar"
  />
</div>
`;
