// Jest Snapshot v1, https://goo.gl/fbAQLP

exports[`<TimeBar /> renders correctly with props 1`] = `
<div
  className="time-bar"
>
  <div
    className="slice"
  >
    00s:000
  </div>
  <div
    className="slice"
  >
    01s:000
  </div>
  <div
    className="slice"
  >
    02s:000
  </div>
  <div
    className="slice"
  >
    03s:000
  </div>
  <div
    className="slice"
  >
    04s:000
  </div>
  <div
    className="slice"
  >
    05s:000
  </div>
  <div
    className="slice"
  >
    06s:000
  </div>
  <div
    className="slice"
  >
    07s:000
  </div>
  <div
    className="slice"
  >
    08s:000
  </div>
  <div
    className="slice"
  >
    09s:000
  </div>
</div>
`;
