// Jest Snapshot v1, https://goo.gl/fbAQLP

exports[`<KeyboardManager /> renders correctly 1`] = `
<div
  className="keyboard-manager"
/>
`;
